// Jest Snapshot v1, https://goo.gl/fbAQLP

exports[`Pruebas en <GifItem /> debe hacer match con el snapshot 1`] = `
<div>
  <div
    class="card"
  >
    <img
      alt="One Punch Man GIF"
      src="https://media1.giphy.com/media/VXJWhaO7afRe/giphy.gif?cid=890ce5c6ejm1cvxz8ly7p4dh5npg8qq9ynhepl51qh4np5t6&ep=v1_gifs_search&rid=giphy.gif&ct=g"
    />
    <p>
      One Punch Man GIF
    </p>
  </div>
</div>
`;
